[CONFIG] Device: cpu
[CONFIG] Dataset path: C:\Users\MONSTER\Desktop\D--2\head_ct\head_ct
[CONFIG] Total images expected: 200
======================================================================
BM 480 DERIN OGRENME - PROJE 2
Head CT Hemorrhage Classification
======================================================================
Device: cpu
Models dir: C:\Users\MONSTER\Desktop\D--2\models
Results dir: C:\Users\MONSTER\Desktop\D--2\results
======================================================================

[V2] Buyuk Veri Seti Egitimi (data_v2)...

[V2] Normal: 4105, Hemorrhage: 2690
[V2] Toplam: 6795
[PREPROCESS] Train setinden normalizasyon istatistikleri hesaplanıyor...
[PREPROCESS] Mean: [0.1688, 0.1688, 0.1688]
[PREPROCESS] Std:  [0.2983, 0.2983, 0.2983]
[V2] Train loader: 4756 örnek (balanced sampler)
[V2] Val loader:   1019 örnek

======================================================================
MODEL: Custom CNN v2 — Büyük Veri Seti Eğitimi
======================================================================
[MODEL] CustomCNN v2 olusturuldu (Residual + CBAM + DropPath + DilatedDS)
[MODEL] Toplam parametre: 1,374,122
[MODEL] Eğitilebilir parametre: 1,374,122

============================================================
EĞİTİM BAŞLIYOR: custom_cnn
============================================================
LR: 0.0001, Batch: 16, Epochs: 50, Patience: 10
Label Smoothing: 0.1, Mixup: True, Cosine: True
Device: cpu
============================================================

Epoch [  1/50] Train Loss: 0.7827 Acc: 0.5006 | Val Loss: 0.6965 Acc: 0.5152 | LR: 1.00e-04
  [BEST] Yeni en iyi model! Val Loss: 0.6965
Epoch [  2/50] Train Loss: 0.7130 Acc: 0.5076 | Val Loss: 0.6790 Acc: 0.5829 | LR: 9.76e-05
  [BEST] Yeni en iyi model! Val Loss: 0.6790
Epoch [  3/50] Train Loss: 0.6940 Acc: 0.5339 | Val Loss: 0.6604 Acc: 0.6467 | LR: 9.05e-05
  [BEST] Yeni en iyi model! Val Loss: 0.6604
Epoch [  4/50] Train Loss: 0.6915 Acc: 0.5332 | Val Loss: 0.6588 Acc: 0.6222 | LR: 7.96e-05
  [BEST] Yeni en iyi model! Val Loss: 0.6588
Epoch [  5/50] Train Loss: 0.6846 Acc: 0.5368 | Val Loss: 0.6554 Acc: 0.6359 | LR: 6.58e-05
  [BEST] Yeni en iyi model! Val Loss: 0.6554
Epoch [  6/50] Train Loss: 0.6794 Acc: 0.5519 | Val Loss: 0.6636 Acc: 0.6006 | LR: 5.05e-05
Epoch [  7/50] Train Loss: 0.6798 Acc: 0.5442 | Val Loss: 0.6598 Acc: 0.6006 | LR: 3.52e-05
Epoch [  8/50] Train Loss: 0.6754 Acc: 0.5521 | Val Loss: 0.6406 Acc: 0.6555 | LR: 2.14e-05
  [BEST] Yeni en iyi model! Val Loss: 0.6406
Epoch [  9/50] Train Loss: 0.6741 Acc: 0.5629 | Val Loss: 0.6299 Acc: 0.6820 | LR: 1.05e-05
  [BEST] Yeni en iyi model! Val Loss: 0.6299
Epoch [ 10/50] Train Loss: 0.6725 Acc: 0.5698 | Val Loss: 0.6364 Acc: 0.6722 | LR: 3.42e-06
Epoch [ 11/50] Train Loss: 0.6792 Acc: 0.5646 | Val Loss: 0.6569 Acc: 0.5986 | LR: 1.00e-04
Epoch [ 12/50] Train Loss: 0.6651 Acc: 0.5788 | Val Loss: 0.6444 Acc: 0.6094 | LR: 9.94e-05
Epoch [ 13/50] Train Loss: 0.6628 Acc: 0.5881 | Val Loss: 0.6322 Acc: 0.6516 | LR: 9.76e-05
Epoch [ 14/50] Train Loss: 0.6553 Acc: 0.5833 | Val Loss: 0.6149 Acc: 0.6673 | LR: 9.46e-05
  [BEST] Yeni en iyi model! Val Loss: 0.6149
Epoch [ 15/50] Train Loss: 0.6443 Acc: 0.6009 | Val Loss: 0.5557 Acc: 0.7419 | LR: 9.05e-05
  [BEST] Yeni en iyi model! Val Loss: 0.5557
Epoch [ 16/50] Train Loss: 0.6377 Acc: 0.6037 | Val Loss: 0.5230 Acc: 0.8018 | LR: 8.55e-05
  [BEST] Yeni en iyi model! Val Loss: 0.5230
Epoch [ 17/50] Train Loss: 0.6303 Acc: 0.6184 | Val Loss: 0.5029 Acc: 0.7939 | LR: 7.96e-05
  [BEST] Yeni en iyi model! Val Loss: 0.5029
Epoch [ 18/50] Train Loss: 0.6196 Acc: 0.6329 | Val Loss: 0.5041 Acc: 0.7900 | LR: 7.30e-05
Epoch [ 19/50] Train Loss: 0.6200 Acc: 0.6182 | Val Loss: 0.4895 Acc: 0.8194 | LR: 6.58e-05
  [BEST] Yeni en iyi model! Val Loss: 0.4895
Epoch [ 20/50] Train Loss: 0.6222 Acc: 0.6150 | Val Loss: 0.4978 Acc: 0.8194 | LR: 5.82e-05
Epoch [ 21/50] Train Loss: 0.6186 Acc: 0.6360 | Val Loss: 0.4769 Acc: 0.8351 | LR: 5.05e-05
  [BEST] Yeni en iyi model! Val Loss: 0.4769
Epoch [ 22/50] Train Loss: 0.6070 Acc: 0.6362 | Val Loss: 0.4713 Acc: 0.8234 | LR: 4.28e-05
  [BEST] Yeni en iyi model! Val Loss: 0.4713
Epoch [ 23/50] Train Loss: 0.6108 Acc: 0.6259 | Val Loss: 0.4682 Acc: 0.8322 | LR: 3.52e-05
  [BEST] Yeni en iyi model! Val Loss: 0.4682
Epoch [ 24/50] Train Loss: 0.6027 Acc: 0.6331 | Val Loss: 0.4670 Acc: 0.8273 | LR: 2.80e-05
  [BEST] Yeni en iyi model! Val Loss: 0.4670
Epoch [ 25/50] Train Loss: 0.6091 Acc: 0.6358 | Val Loss: 0.4641 Acc: 0.8283 | LR: 2.14e-05
  [BEST] Yeni en iyi model! Val Loss: 0.4641
Epoch [ 26/50] Train Loss: 0.6036 Acc: 0.6402 | Val Loss: 0.4608 Acc: 0.8361 | LR: 1.55e-05
  [BEST] Yeni en iyi model! Val Loss: 0.4608
Epoch [ 27/50] Train Loss: 0.5968 Acc: 0.6299 | Val Loss: 0.4534 Acc: 0.8430 | LR: 1.05e-05
  [BEST] Yeni en iyi model! Val Loss: 0.4534
Epoch [ 28/50] Train Loss: 0.5911 Acc: 0.6541 | Val Loss: 0.4495 Acc: 0.8430 | LR: 6.40e-06
  [BEST] Yeni en iyi model! Val Loss: 0.4495
Epoch [ 29/50] Train Loss: 0.5878 Acc: 0.6480 | Val Loss: 0.4485 Acc: 0.8410 | LR: 3.42e-06
  [BEST] Yeni en iyi model! Val Loss: 0.4485
Epoch [ 30/50] Train Loss: 0.6055 Acc: 0.6362 | Val Loss: 0.4510 Acc: 0.8381 | LR: 1.61e-06
Epoch [ 31/50] Train Loss: 0.6080 Acc: 0.6398 | Val Loss: 0.4854 Acc: 0.8047 | LR: 1.00e-04
Epoch [ 32/50] Train Loss: 0.6065 Acc: 0.6333 | Val Loss: 0.4792 Acc: 0.8077 | LR: 9.98e-05
Epoch [ 33/50] Train Loss: 0.5977 Acc: 0.6255 | Val Loss: 0.4477 Acc: 0.8165 | LR: 9.94e-05
  [BEST] Yeni en iyi model! Val Loss: 0.4477
Epoch [ 34/50] Train Loss: 0.5975 Acc: 0.6409 | Val Loss: 0.5142 Acc: 0.7782 | LR: 9.86e-05
Epoch [ 35/50] Train Loss: 0.5999 Acc: 0.6407 | Val Loss: 0.4519 Acc: 0.8351 | LR: 9.76e-05
Epoch [ 36/50] Train Loss: 0.5907 Acc: 0.6402 | Val Loss: 0.4297 Acc: 0.8479 | LR: 9.62e-05
  [BEST] Yeni en iyi model! Val Loss: 0.4297
Epoch [ 37/50] Train Loss: 0.5911 Acc: 0.6581 | Val Loss: 0.4435 Acc: 0.8479 | LR: 9.46e-05
Epoch [ 38/50] Train Loss: 0.5932 Acc: 0.6421 | Val Loss: 0.4581 Acc: 0.8273 | LR: 9.27e-05
Epoch [ 39/50] Train Loss: 0.5893 Acc: 0.6598 | Val Loss: 0.4258 Acc: 0.8518 | LR: 9.05e-05
  [BEST] Yeni en iyi model! Val Loss: 0.4258
Epoch [ 40/50] Train Loss: 0.5809 Acc: 0.6531 | Val Loss: 0.4398 Acc: 0.8312 | LR: 8.81e-05
Epoch [ 41/50] Train Loss: 0.5788 Acc: 0.6573 | Val Loss: 0.4176 Acc: 0.8508 | LR: 8.55e-05
  [BEST] Yeni en iyi model! Val Loss: 0.4176
Epoch [ 42/50] Train Loss: 0.5700 Acc: 0.6661 | Val Loss: 0.4172 Acc: 0.8656 | LR: 8.26e-05
  [BEST] Yeni en iyi model! Val Loss: 0.4172
Traceback (most recent call last):
  File "C:\Users\MONSTER\Desktop\D--2\main.py", line 156, in <module>
    main()
    ~~~~^^
  File "C:\Users\MONSTER\Desktop\D--2\main.py", line 93, in main
    run_training_v2()
    ~~~~~~~~~~~~~~~^^
  File "C:\Users\MONSTER\Desktop\D--2\src\train.py", line 704, in run_training_v2
    cnn_hist = train_model(
        cnn, train_loader, val_loader,
    ...<5 lines>...
        use_cosine=True,
    )
  File "C:\Users\MONSTER\Desktop\D--2\src\train.py", line 297, in train_model
    train_loss, train_acc = train_one_epoch(
                            ~~~~~~~~~~~~~~~^
        model, train_loader, criterion, optimizer, DEVICE,
        ^^^^^^^^^^^^^^^^^^^^^^^^^^^^^^^^^^^^^^^^^^^^^^^^^^
        use_mixup=use_mixup, mixup_alpha=mixup_alpha, max_grad_norm=1.0
        ^^^^^^^^^^^^^^^^^^^^^^^^^^^^^^^^^^^^^^^^^^^^^^^^^^^^^^^^^^^^^^^
    )
    ^
  File "C:\Users\MONSTER\Desktop\D--2\src\train.py", line 156, in train_one_epoch
    for images, labels in loader:
                          ^^^^^^
  File "C:\Users\MONSTER\Desktop\D--2\.venv\Lib\site-packages\torch\utils\data\dataloader.py", line 741, in __next__
    data = self._next_data()
  File "C:\Users\MONSTER\Desktop\D--2\.venv\Lib\site-packages\torch\utils\data\dataloader.py", line 801, in _next_data
    data = self._dataset_fetcher.fetch(index)  # may raise StopIteration
  File "C:\Users\MONSTER\Desktop\D--2\.venv\Lib\site-packages\torch\utils\data\_utils\fetch.py", line 54, in fetch
    data = [self.dataset[idx] for idx in possibly_batched_index]
            ~~~~~~~~~~~~^^^^^
  File "C:\Users\MONSTER\Desktop\D--2\src\data_preprocessing.py", line 147, in __getitem__
    img = Image.open(self.image_paths[idx]).convert("RGB")
          ~~~~~~~~~~^^^^^^^^^^^^^^^^^^^^^^^
  File "C:\Users\MONSTER\Desktop\D--2\.venv\Lib\site-packages\PIL\Image.py", line 3635, in open
    fp = builtins.open(filename, "rb")
FileNotFoundError: [Errno 2] No such file or directory: 'C:\\Users\\MONSTER\\Desktop\\D--2\\data_v2\\hemorrhage\\12[12]_12_0_186.jpg'
